To honour the JVM settings for this build a single-use Daemon process will be forked. For more on this, please refer to https://docs.gradle.org/8.9/userguide/gradle_daemon.html#sec:disabling_the_daemon in the Gradle documentation.
Daemon will be stopped at the end of the build 
> Task :app:preBuild UP-TO-DATE
> Task :app:preDebugBuild UP-TO-DATE
> Task :app:mergeDebugNativeDebugMetadata NO-SOURCE
> Task :app:checkKotlinGradlePluginConfigurationErrors
> Task :app:checkDebugAarMetadata UP-TO-DATE
> Task :app:generateDebugResValues UP-TO-DATE
> Task :app:mapDebugSourceSetPaths UP-TO-DATE
> Task :app:generateDebugResources UP-TO-DATE
> Task :app:mergeDebugResources UP-TO-DATE
> Task :app:packageDebugResources UP-TO-DATE
> Task :app:parseDebugLocalResources UP-TO-DATE
> Task :app:createDebugCompatibleScreenManifests UP-TO-DATE
> Task :app:extractDeepLinksDebug UP-TO-DATE
> Task :app:processDebugMainManifest UP-TO-DATE
> Task :app:processDebugManifest UP-TO-DATE
> Task :app:processDebugManifestForPackage UP-TO-DATE
> Task :app:processDebugResources UP-TO-DATE
> Task :app:kaptGenerateStubsDebugKotlin UP-TO-DATE
> Task :app:kaptDebugKotlin UP-TO-DATE
> Task :app:javaPreCompileDebug UP-TO-DATE
> Task :app:mergeDebugShaders UP-TO-DATE
> Task :app:compileDebugShaders NO-SOURCE
> Task :app:generateDebugAssets UP-TO-DATE
> Task :app:mergeDebugAssets UP-TO-DATE
> Task :app:compressDebugAssets UP-TO-DATE
> Task :app:desugarDebugFileDependencies UP-TO-DATE
> Task :app:checkDebugDuplicateClasses UP-TO-DATE
> Task :app:mergeExtDexDebug UP-TO-DATE
> Task :app:mergeLibDexDebug UP-TO-DATE
> Task :app:mergeDebugJniLibFolders UP-TO-DATE
> Task :app:mergeDebugNativeLibs UP-TO-DATE
> Task :app:stripDebugDebugSymbols UP-TO-DATE
> Task :app:validateSigningDebug UP-TO-DATE
> Task :app:writeDebugAppMetadata UP-TO-DATE
> Task :app:writeDebugSigningConfigVersions UP-TO-DATE
> Task :app:compileDebugKotlin
.\gradlew.bat : e: file:///C:/Rent_a_Car/app/src/main/java/com/rentacar/app/ui/screens/SuppliersScreens.kt:214:26 
Smart cast to 'Bitmap' is impossible, because 'bitmap' is a property that has open or custom getter
At C:\Users\yaniv\AppData\Local\Temp\ps-script-0754d019-5ea2-4080-a6eb-fcd7af99b4aa.ps1:82 char:1
+ .\gradlew.bat assembleDebug --no-daemon 2>&1 | Out-File -FilePath bui ...
+ ~~~~~~~~~~~~~~~~~~~~~~~~~~~~~~~~~~~~~~~~~~~~
    + CategoryInfo          : NotSpecified: (e: file:///C:/R...r custom getter:String) [], RemoteException
    + FullyQualifiedErrorId : NativeCommandError
 
e: file:///C:/Rent_a_Car/app/src/main/java/com/rentacar/app/ui/screens/SuppliersScreens.kt:351:22 This material API is 
experimental and is likely to change or to be removed in the future.
e: file:///C:/Rent_a_Car/app/src/main/java/com/rentacar/app/ui/screens/SuppliersScreens.kt:353:5 This material API is 
experimental and is likely to change or to be removed in the future.
e: file:///C:/Rent_a_Car/app/src/main/java/com/rentacar/app/ui/screens/SuppliersScreens.kt:355:22 This material API is 
experimental and is likely to change or to be removed in the future.
e: file:///C:/Rent_a_Car/app/src/main/java/com/rentacar/app/ui/screens/SuppliersScreens.kt:407:38 Smart cast to 
'Bitmap' is impossible, because 'bitmap' is a property that has open or custom getter
e: file:///C:/Rent_a_Car/app/src/main/java/com/rentacar/app/ui/screens/SuppliersScreens.kt:562:9 None of the following 
functions can be called with the arguments supplied: 
public fun Text(text: AnnotatedString, modifier: Modifier = ..., color: Color = ..., fontSize: TextUnit = ..., 
fontStyle: FontStyle? = ..., fontWeight: FontWeight? = ..., fontFamily: FontFamily? = ..., letterSpacing: TextUnit = 
..., textDecoration: TextDecoration? = ..., textAlign: TextAlign? = ..., lineHeight: TextUnit = ..., overflow: 
TextOverflow = ..., softWrap: Boolean = ..., maxLines: Int = ..., minLines: Int = ..., inlineContent: Map<String, 
InlineTextContent> = ..., onTextLayout: (TextLayoutResult) -> Unit = ..., style: TextStyle = ...): Unit defined in 
androidx.compose.material3
public fun Text(text: String, modifier: Modifier = ..., color: Color = ..., fontSize: TextUnit = ..., fontStyle: 
FontStyle? = ..., fontWeight: FontWeight? = ..., fontFamily: FontFamily? = ..., letterSpacing: TextUnit = ..., 
textDecoration: TextDecoration? = ..., textAlign: TextAlign? = ..., lineHeight: TextUnit = ..., overflow: TextOverflow 
= ..., softWrap: Boolean = ..., maxLines: Int = ..., minLines: Int = ..., onTextLayout: ((TextLayoutResult) -> Unit)? 
= ..., style: TextStyle = ...): Unit defined in androidx.compose.material3
e: file:///C:/Rent_a_Car/app/src/main/java/com/rentacar/app/ui/screens/SuppliersScreens.kt:581:19 Type mismatch: 
inferred type is () -> Unit but RowScope.() -> Unit was expected

> Task :app:compileDebugKotlin FAILED

FAILURE: Build failed with an exception.

* What went wrong:
Execution failed for task ':app:compileDebugKotlin'.
> A failure occurred while executing 
org.jetbrains.kotlin.compilerRunner.GradleCompilerRunnerWithWorkers$GradleKotlinCompilerWorkAction
   > Compilation error. See log for more details

* Try:
> Run with --stacktrace option to get the stack trace.
> Run with --info or --debug option to get more log output.
> Run with --scan to get full insights.
> Get more help at https://help.gradle.org.

Deprecated Gradle features were used in this build, making it incompatible with Gradle 9.0.

You can use '--warning-mode all' to show the individual deprecation warnings and determine if they come from your own scripts or plugins.

For more on this, please refer to https://docs.gradle.org/8.9/userguide/command_line_interface.html#sec:command_line_warnings in the Gradle documentation.

BUILD FAILED in 1m 51s
31 actionable tasks: 2 executed, 29 up-to-date
